{
 "gates": {
  "G1_기준선재현_id@5": {
   "측정": 0.3964,
   "기준": 0.3964,
   "통과": true
  },
  "G1_줄기준_신규산출_line@5_A": 0.3964,
  "G2_재매핑불일치": [],
  "G2_통과": true,
  "G0_gold도달": {
   "A": [],
   "B": [],
   "C": {
    "20260806": [
     "172"
    ],
    "20260807": [
     "53"
    ],
    "20260808": [],
    "20260809": [],
    "20260810": []
   }
  },
  "G3_동점쌍_top100": {
   "A": 1321,
   "B": 3588
  },
  "G4_널대조": {
   "B_line@5": 0.3491,
   "C_seeds": {
    "20260806": 0.3521,
    "20260807": 0.3284,
    "20260808": 0.3521,
    "20260809": 0.358,
    "20260810": 0.3432
   },
   "B분위": "2/5 시드 초과",
   "p_perm": 0.6666666666666666
  }
 },
 "mechanism": {
  "M1": {
   "조헤딩줄_표줄제외_relaxed": 6622,
   "현행JO_발동줄": 170,
   "현행JO_전체매치줄": 170,
   "B_신규경계수": 6412
  },
  "M2_다조gold비율": {
   "A": 0.5156,
   "B": 0.0,
   "n_gold_el": {
    "A": 896,
    "B": 1104
   }
  },
  "M3_중앙길이": {
   "A": 309,
   "B": 138
  },
  "M4_article필터": {
   "생성_질의측": "0/338(분할 불변 — 질의 텍스트만 참조)",
   "색인매치": {
    "A": 0,
    "B": 0
   }
  },
  "M5": {
   "A": {
    "M5_주소유일성_전체": 0.0579,
    "M5_주소유일성_jo보유": 0.0581,
    "jo보유_element수": 6742
   },
   "B": {
    "M5_주소유일성_전체": 0.0719,
    "M5_주소유일성_jo보유": 0.0724,
    "jo보유_element수": 12944
   }
  }
 },
 "main": {
  "A": {
   "line@1": 0.1479,
   "line@5": 0.3964,
   "line@10": 0.5503,
   "line@20": 0.6568,
   "line@50": 0.7574,
   "line@100": 0.858,
   "id@1": 0.1479,
   "id@5": 0.3964,
   "id@10": 0.5503,
   "id@20": 0.6568,
   "id@50": 0.7574,
   "id@100": 0.858,
   "mrr10": 0.2565
  },
  "B": {
   "line@1": 0.1183,
   "line@5": 0.3491,
   "line@10": 0.5178,
   "line@20": 0.5976,
   "line@50": 0.7278,
   "line@100": 0.7959,
   "id@1": 0.1183,
   "id@5": 0.3491,
   "id@10": 0.5178,
   "id@20": 0.5976,
   "id@50": 0.7278,
   "id@100": 0.7959,
   "mrr10": 0.2217
  },
  "C_mean_line@5": 0.3468,
  "C_range_line@5": [
   0.3284,
   0.358
  ],
  "C_full": {
   "20260806": {
    "line@1": 0.1095,
    "line@5": 0.3521,
    "line@10": 0.4941,
    "line@20": 0.5799,
    "line@50": 0.716,
    "line@100": 0.8136,
    "id@1": 0.1095,
    "id@5": 0.3521,
    "id@10": 0.4941,
    "id@20": 0.5799,
    "id@50": 0.716,
    "id@100": 0.8136,
    "mrr10": 0.216
   },
   "20260807": {
    "line@1": 0.1213,
    "line@5": 0.3284,
    "line@10": 0.497,
    "line@20": 0.5828,
    "line@50": 0.6923,
    "line@100": 0.787,
    "id@1": 0.1213,
    "id@5": 0.3284,
    "id@10": 0.497,
    "id@20": 0.5828,
    "id@50": 0.6923,
    "id@100": 0.787,
    "mrr10": 0.2146
   },
   "20260808": {
    "line@1": 0.1006,
    "line@5": 0.3521,
    "line@10": 0.4911,
    "line@20": 0.5976,
    "line@50": 0.7219,
    "line@100": 0.8136,
    "id@1": 0.1006,
    "id@5": 0.3521,
    "id@10": 0.4911,
    "id@20": 0.5976,
    "id@50": 0.7219,
    "id@100": 0.8136,
    "mrr10": 0.2068
   },
   "20260809": {
    "line@1": 0.1183,
    "line@5": 0.358,
    "line@10": 0.503,
    "line@20": 0.5917,
    "line@50": 0.7101,
    "line@100": 0.8107,
    "id@1": 0.1183,
    "id@5": 0.358,
    "id@10": 0.503,
    "id@20": 0.5917,
    "id@50": 0.7101,
    "id@100": 0.8107,
    "mrr10": 0.2182
   },
   "20260810": {
    "line@1": 0.1213,
    "line@5": 0.3432,
    "line@10": 0.4941,
    "line@20": 0.5799,
    "line@50": 0.7041,
    "line@100": 0.8107,
    "id@1": 0.1213,
    "id@5": 0.3432,
    "id@10": 0.4941,
    "id@20": 0.5799,
    "id@50": 0.7041,
    "id@100": 0.8107,
    "mrr10": 0.224
   }
  }
 },
 "tests": {
  "BvsA_McNemar": {
   "b": 18,
   "c": 34,
   "p": 0.03648
  },
  "BvsC_perm": {
   "p": 0.6667
  },
  "holm": [
   0.07297,
   0.66667
  ],
  "BvsA_hit5_delta_BCa95": [
   -0.09467455621301775,
   -0.008875739644970414
  ],
  "posthoc_power_at_.025": 0.448,
  "관측불일치율": 0.1538
 }
}
sha 5ef04b6be64574f9
